// Jest Snapshot v1, https://goo.gl/fbAQLP

exports[`TrackClientRect should render component correctly with props 1`] = `
<div>
  <h1>
    title
  </h1>
</div>
`;
